// Jest Snapshot v1, https://goo.gl/fbAQLP

exports[`CostTime should work 1`] = `
<span>
  0.1 秒
</span>
`;

exports[`CostTime should work when cost is undefined 1`] = `
<span>
  3 秒
</span>
`;
