// Jest Snapshot v1, https://goo.gl/fbAQLP

exports[`BrickList should work 1`] = `
<BrickList
  configProps={
    Object {
      "bordered": true,
    }
  }
>
  <List
    bordered={true}
    className=""
    dataSource={Array []}
    renderItem={[Function]}
    split={true}
  >
    <div
      className="ant-list ant-list-split ant-list-bordered"
    >
      <Spin
        size="default"
        spinning={false}
        wrapperClassName=""
      >
        <div
          className="ant-spin-nested-loading"
        >
          <div
            className="ant-spin-container"
            key="container"
          >
            <div
              className="ant-list-empty-text"
            >
              <Empty
                image={<Simple />}
              >
                <LocaleReceiver
                  componentName="Empty"
                >
                  <div
                    className="ant-empty ant-empty-normal"
                  >
                    <div
                      className="ant-empty-image"
                    >
                      <Simple>
                        <svg
                          className="ant-empty-img-simple"
                          height="41"
                          viewBox="0 0 64 41"
                          width="64"
                          xmlns="http://www.w3.org/2000/svg"
                        >
                          <g
                            fill="none"
                            fillRule="evenodd"
                            transform="translate(0 1)"
                          >
                            <ellipse
                              className="ant-empty-img-simple-ellipse"
                              cx="32"
                              cy="33"
                              rx="32"
                              ry="7"
                            />
                            <g
                              className="ant-empty-img-simple-g"
                              fillRule="nonzero"
                            >
                              <path
                                d="M55 12.76L44.854 1.258C44.367.474 43.656 0 42.907 0H21.093c-.749 0-1.46.474-1.947 1.257L9 12.761V22h46v-9.24z"
                              />
                              <path
                                className="ant-empty-img-simple-path"
                                d="M41.613 15.931c0-1.605.994-2.93 2.227-2.931H55v18.137C55 33.26 53.68 35 52.05 35h-40.1C10.32 35 9 33.259 9 31.137V13h11.16c1.233 0 2.227 1.323 2.227 2.928v.022c0 1.605 1.005 2.901 2.237 2.901h14.752c1.232 0 2.237-1.308 2.237-2.913v-.007z"
                              />
                            </g>
                          </g>
                        </svg>
                      </Simple>
                    </div>
                    <p
                      className="ant-empty-description"
                    >
                      No Data
                    </p>
                  </div>
                </LocaleReceiver>
              </Empty>
            </div>
          </div>
        </div>
      </Spin>
    </div>
  </List>
</BrickList>
`;

exports[`BrickList should work 2`] = `
<BrickList
  configProps={
    Object {
      "bordered": true,
    }
  }
  isCardList={false}
  itemList={
    Array [
      Object {
        "content": "Australian walks 100km after outback crash.",
      },
      Object {
        "content": "Man charged over missing wedding girl.",
        "meta": Object {
          "description": "item description",
          "src": "https://zos.alipayobjects.com/rmsportal/ODTLcjxAfvqbxHnVXCYX.png",
          "title": "item title",
        },
      },
    ]
  }
>
  <List
    bordered={true}
    className=""
    dataSource={
      Array [
        Object {
          "content": "Australian walks 100km after outback crash.",
        },
        Object {
          "content": "Man charged over missing wedding girl.",
          "meta": Object {
            "description": "item description",
            "src": "https://zos.alipayobjects.com/rmsportal/ODTLcjxAfvqbxHnVXCYX.png",
            "title": "item title",
          },
        },
      ]
    }
    renderItem={[Function]}
    split={true}
  >
    <div
      className="ant-list ant-list-split ant-list-bordered"
    >
      <Spin
        size="default"
        spinning={false}
        wrapperClassName=""
      >
        <div
          className="ant-spin-nested-loading"
        >
          <div
            className="ant-spin-container"
            key="container"
          >
            <ul
              className="ant-list-items"
            >
              <Item>
                <li
                  className="ant-list-item"
                >
                  <div>
                    Australian walks 100km after outback crash.
                  </div>
                </li>
              </Item>
              <Item>
                <li
                  className="ant-list-item"
                >
                  <Meta
                    avatar={
                      <Avatar
                        shape="circle"
                        size="default"
                        src="https://zos.alipayobjects.com/rmsportal/ODTLcjxAfvqbxHnVXCYX.png"
                      />
                    }
                    description="item description"
                    title="item title"
                  >
                    <div
                      className="ant-list-item-meta"
                    >
                      <div
                        className="ant-list-item-meta-avatar"
                      >
                        <Avatar
                          shape="circle"
                          size="default"
                          src="https://zos.alipayobjects.com/rmsportal/ODTLcjxAfvqbxHnVXCYX.png"
                        >
                          <span
                            className="ant-avatar ant-avatar-circle ant-avatar-image"
                            style={Object {}}
                          >
                            <img
                              onError={[Function]}
                              src="https://zos.alipayobjects.com/rmsportal/ODTLcjxAfvqbxHnVXCYX.png"
                            />
                          </span>
                        </Avatar>
                      </div>
                      <div
                        className="ant-list-item-meta-content"
                      >
                        <h4
                          className="ant-list-item-meta-title"
                        >
                          item title
                        </h4>
                        <div
                          className="ant-list-item-meta-description"
                        >
                          item description
                        </div>
                      </div>
                    </div>
                  </Meta>
                  <div>
                    Man charged over missing wedding girl.
                  </div>
                </li>
              </Item>
            </ul>
          </div>
        </div>
      </Spin>
    </div>
  </List>
</BrickList>
`;
